package ttt.tests;

public class Test1 extends com.pojosontheweb.ttt.Template {

	private final com.xyz.myapp.Foo foo;

	/**
	 * Creates an instance of this template.
	 *
	 */
	public Test1(com.xyz.myapp.Foo foo) {
		this.foo = foo;
	}

	@Override
	public void doRender(com.pojosontheweb.ttt.TttWriter out) throws Exception {
		write(out, "this is a " );
		write(out,  foo.getBar()  );
		write(out, " template" );
	}
}
