package ttt.tests;

import java.util.List;

public class Test18 extends com.pojosontheweb.ttt.Template {

	private final List<?> numberClasses;

	/**
	 * Creates an instance of this template.
	 *
	 */
	public Test18(List<?> numberClasses) {
		this.numberClasses = numberClasses;
	}

	@Override
	public void doRender(com.pojosontheweb.ttt.TttWriter out) throws Exception {
		write(out, "this is generic..." );
	}
}
