package ttt.tests;

import java.util.List;

public class Test24 extends com.pojosontheweb.ttt.Template {

	private final List[][] arr;

	/**
	 * Creates an instance of this template.
	 *
	 */
	public Test24(List[][] arr) {
		this.arr = arr;
	}

	@Override
	public void doRender(com.pojosontheweb.ttt.TttWriter out) throws Exception {
		write(out, "this is arrays" );
	}
}
