package ttt.tests;

public class Test1 extends com.pojosontheweb.ttt.Template {

	private final com.xyz.myapp.Foo foo;

	public Test1(com.xyz.myapp.Foo foo) {
		this.foo = foo;
	}

	@Override
	public void render(java.io.Writer out) throws java.io.IOException {
		write(out, "this is a " );
		write(out,  foo.getBar()  );
		write(out, " template" );
	}
}
